[www.y2mate.com/en805.html]
[backblue.gif]
[fade.gif]
[index.html]
[www.y2mate.com/themes/images/256x256.png]
[www.y2mate.com/de731.html]
[www.y2mate.com/es765.html]
[www.y2mate.com/fr749.html]
[www.y2mate.com/hi771.html]
[www.y2mate.com/id737.html]
[www.y2mate.com/it707.html]
[www.y2mate.com/jp726.html]
[www.y2mate.com/kr729.html]
[www.y2mate.com/mm707.html]
[www.y2mate.com/my734.html]
[www.y2mate.com/ph732.html]
[www.y2mate.com/pt720.html]
[www.y2mate.com/ru737.html]
[www.y2mate.com/th737.html]
[www.y2mate.com/tr741.html]
[www.y2mate.com/vi737.html]
[www.y2mate.com/zh-cn709.html]
[www.y2mate.com/zh-tw703.html]
[www.y2mate.com/sa729.html]
[www.y2mate.com/bn738.html]
[www.y2mate.com/themes/images/logo.png]
[www.y2mate.com/themes/bootstrap/css/bootstrap.min7839.css]
[www.y2mate.com/themes/css/style076e.css]
[www.y2mate.com/en723/download-youtube.html]
[www.y2mate.com/en777/convert-youtube.html]
[www.y2mate.com/en1834/youtube-mp3.html]
[www.y2mate.com/en805/instagram-downloader.html]
[www.y2mate.com/en805/tiktok-downloader.html]
[www.y2mate.com/en805/facebook-downloader.html]
[www.y2mate.com/en805/twitter-downloader.html]
[www.y2mate.com/en805/terms-of-service.html]
[www.y2mate.com/themes/images/loading.gif]
[www.y2mate.com/themes/images/tip-download-youtube.jpg]
[www.y2mate.com/en805/about-us.html]
[www.y2mate.com/en805/faq.html]
[www.y2mate.com/en805/contact-us.html]
[www.y2mate.com/en805/privacy-policy.html]
[www.y2mate.com/en805.html]
[www.y2mate.com/themes/js/main-v249fc.js]
[www.y2mate.com/de663/youtube-mp3.html]
[www.y2mate.com/de731/instagram-downloader.html]
[www.y2mate.com/de731/tiktok-downloader.html]
[www.y2mate.com/de731/facebook-downloader.html]
[www.y2mate.com/de731.html]
[www.y2mate.com/de731/twitter-downloader.html]
[www.y2mate.com/es751/convert-youtube.html]
[www.y2mate.com/es722/youtube-mp3.html]
[www.y2mate.com/es765/instagram-downloader.html]
[www.y2mate.com/es765/tiktok-downloader.html]
[www.y2mate.com/es765/facebook-downloader.html]
[www.y2mate.com/es765.html]
[www.y2mate.com/es765/twitter-downloader.html]
[www.y2mate.com/fr679/convert-youtube.html]
[www.y2mate.com/fr693/youtube-mp3.html]
[www.y2mate.com/fr749/instagram-downloader.html]
[www.y2mate.com/fr749/tiktok-downloader.html]
[www.y2mate.com/fr749/facebook-downloader.html]
[www.y2mate.com/fr749.html]
[www.y2mate.com/fr749/twitter-downloader.html]
[www.y2mate.com/hi678/convert-youtube.html]
[www.y2mate.com/hi675/youtube-mp3.html]
[www.y2mate.com/hi771/instagram-downloader.html]
[www.y2mate.com/hi771/tiktok-downloader.html]
[www.y2mate.com/hi771/facebook-downloader.html]
[www.y2mate.com/hi771.html]
[www.y2mate.com/hi771/twitter-downloader.html]
[www.y2mate.com/id742/convert-youtube.html]
[www.y2mate.com/id742/youtube-mp3.html]
[www.y2mate.com/id737/instagram-downloader.html]
[www.y2mate.com/id737/tiktok-downloader.html]
[www.y2mate.com/id737/facebook-downloader.html]
[www.y2mate.com/id737.html]
[www.y2mate.com/id737/twitter-downloader.html]
[www.y2mate.com/it676/convert-youtube.html]
[www.y2mate.com/it692/youtube-mp3.html]
[www.y2mate.com/it707/instagram-downloader.html]
[www.y2mate.com/it707/tiktok-downloader.html]
[www.y2mate.com/it707/facebook-downloader.html]
[www.y2mate.com/it707.html]
[www.y2mate.com/it707/twitter-downloader.html]
[www.y2mate.com/jp727/convert-youtube.html]
[www.y2mate.com/jp707/youtube-mp3.html]
[www.y2mate.com/jp726/instagram-downloader.html]
[www.y2mate.com/jp726/tiktok-downloader.html]
[www.y2mate.com/jp726/facebook-downloader.html]
[www.y2mate.com/jp726.html]
[www.y2mate.com/jp726/twitter-downloader.html]
[www.y2mate.com/kr724/convert-youtube.html]
[www.y2mate.com/kr734/youtube-mp3.html]
[www.y2mate.com/kr729/instagram-downloader.html]
[www.y2mate.com/kr729/tiktok-downloader.html]
[www.y2mate.com/kr729/facebook-downloader.html]
[www.y2mate.com/kr729.html]
[www.y2mate.com/kr729/twitter-downloader.html]
[www.y2mate.com/mm707/instagram-downloader.html]
[www.y2mate.com/mm707/tiktok-downloader.html]
[www.y2mate.com/mm707/facebook-downloader.html]
[www.y2mate.com/mm707.html]
[www.y2mate.com/mm707/twitter-downloader.html]
[www.y2mate.com/my690/convert-youtube.html]
[www.y2mate.com/my681/youtube-mp3.html]
[www.y2mate.com/my734/instagram-downloader.html]
[www.y2mate.com/my734/tiktok-downloader.html]
[www.y2mate.com/my734/facebook-downloader.html]
[www.y2mate.com/my734.html]
[www.y2mate.com/my734/twitter-downloader.html]
[www.y2mate.com/ph684/convert-youtube.html]
[www.y2mate.com/ph672/youtube-mp3.html]
[www.y2mate.com/ph732/instagram-downloader.html]
[www.y2mate.com/ph732/tiktok-downloader.html]
[www.y2mate.com/ph732/facebook-downloader.html]
[www.y2mate.com/ph732.html]
[www.y2mate.com/ph732/twitter-downloader.html]
[www.y2mate.com/pt732/convert-youtube.html]
[www.y2mate.com/pt739/youtube-mp3.html]
[www.y2mate.com/pt720/instagram-downloader.html]
[www.y2mate.com/pt720/tiktok-downloader.html]
[www.y2mate.com/pt720/facebook-downloader.html]
[www.y2mate.com/pt720.html]
[www.y2mate.com/pt720/twitter-downloader.html]
[www.y2mate.com/ru678/convert-youtube.html]
[www.y2mate.com/ru695/youtube-mp3.html]
[www.y2mate.com/ru737/instagram-downloader.html]
[www.y2mate.com/ru737/tiktok-downloader.html]
[www.y2mate.com/ru737/facebook-downloader.html]
[www.y2mate.com/ru737.html]
[www.y2mate.com/ru737/twitter-downloader.html]
[www.y2mate.com/th710/convert-youtube.html]
[www.y2mate.com/th669/youtube-mp3.html]
[www.y2mate.com/th737/instagram-downloader.html]
[www.y2mate.com/th737/tiktok-downloader.html]
[www.y2mate.com/th737/facebook-downloader.html]
[www.y2mate.com/th737.html]
[www.y2mate.com/th737/twitter-downloader.html]
[www.y2mate.com/tr1812/youtube-mp3.html]
[www.y2mate.com/tr741/instagram-downloader.html]
[www.y2mate.com/tr741/tiktok-downloader.html]
[www.y2mate.com/tr741/facebook-downloader.html]
[www.y2mate.com/tr741.html]
[www.y2mate.com/tr741/twitter-downloader.html]
[www.y2mate.com/vi719/download-youtube.html]
[www.y2mate.com/vi713/convert-youtube.html]
[www.y2mate.com/vi738/youtube-mp3.html]
[www.y2mate.com/vi737/instagram-downloader.html]
[www.y2mate.com/vi737/tiktok-downloader.html]
[www.y2mate.com/vi737/facebook-downloader.html]
[www.y2mate.com/vi737.html]
[www.y2mate.com/vi737/twitter-downloader.html]
[www.y2mate.com/zh-cn679/convert-youtube.html]
[www.y2mate.com/zh-cn692/youtube-mp3.html]
[www.y2mate.com/zh-cn709/instagram-downloader.html]
[www.y2mate.com/zh-cn709/tiktok-downloader.html]
[www.y2mate.com/zh-cn709/facebook-downloader.html]
[www.y2mate.com/zh-cn709.html]
[www.y2mate.com/zh-cn709/twitter-downloader.html]
[www.y2mate.com/zh-tw701/convert-youtube.html]
[www.y2mate.com/zh-tw658/youtube-mp3.html]
[www.y2mate.com/zh-tw703/instagram-downloader.html]
[www.y2mate.com/zh-tw703/tiktok-downloader.html]
[www.y2mate.com/zh-tw703/facebook-downloader.html]
[www.y2mate.com/zh-tw703.html]
[www.y2mate.com/zh-tw703/twitter-downloader.html]
[www.y2mate.com/sa685/convert-youtube.html]
[www.y2mate.com/sa690/youtube-mp3.html]
[www.y2mate.com/sa729/instagram-downloader.html]
[www.y2mate.com/sa729/tiktok-downloader.html]
[www.y2mate.com/sa729/facebook-downloader.html]
[www.y2mate.com/sa729.html]
[www.y2mate.com/sa729/twitter-downloader.html]
[www.y2mate.com/bn678/convert-youtube.html]
[www.y2mate.com/bn670/youtube-mp3.html]
[www.y2mate.com/bn738/instagram-downloader.html]
[www.y2mate.com/bn738/tiktok-downloader.html]
[www.y2mate.com/bn738/facebook-downloader.html]
[www.y2mate.com/bn738.html]
[www.y2mate.com/bn738/twitter-downloader.html]
[www.y2mate.com/themes/bootstrap/fonts/glyphicons-halflings-regular.html]
[www.y2mate.com/themes/bootstrap/fonts/glyphicons-halflings-regulard41d.html]
[www.y2mate.com/themes/bootstrap/fonts/glyphicons-halflings-regular.woff2]
[www.y2mate.com/themes/bootstrap/fonts/glyphicons-halflings-regular.woff]
[www.y2mate.com/themes/bootstrap/fonts/glyphicons-halflings-regular.ttf]
[www.y2mate.com/themes/bootstrap/css/bootstrap.min7839.css]
[www.y2mate.com/themes/bootstrap/fonts/glyphicons-halflings-regular-2.html]
[www.y2mate.com/themes/images/ic-android.png]
[www.y2mate.com/themes/css/style076e.css]
[www.y2mate.com/themes/images/play-btn.png]
[www.y2mate.com/index.html]
[www.y2mate.com/en723/download-youtube.html]
[www.y2mate.com/en777/convert-youtube.html]
[www.y2mate.com/en1834/youtube-mp3.html]
[www.y2mate.com/en805/instagram-downloader.html]
[www.y2mate.com/en805/tiktok-downloader.html]
[www.y2mate.com/en805/facebook-downloader.html]
[www.y2mate.com/en805/twitter-downloader.html]
[www.y2mate.com/site/termsofservicea8f7.html]
[www.y2mate.com/cdn-cgi/l/email-protection.html]
[www.y2mate.com/en805/terms-of-service.html]
[www.y2mate.com/cdn-cgi/scripts/5c5dd728/cloudflare-static/email-decode.min.js]
[www.y2mate.com/youtube/index.html]
[www.y2mate.com/en805/about-us.html]
[www.y2mate.com/en805/faq.html]
[www.y2mate.com/en805/contact-us.html]
[www.y2mate.com/en805/privacy-policy.html]
[www.y2mate.com/de663/youtube-mp3.html]
[www.y2mate.com/de731/instagram-downloader.html]
[www.y2mate.com/de731/tiktok-downloader.html]
[www.y2mate.com/de731/facebook-downloader.html]
[www.y2mate.com/de731/twitter-downloader.html]
[www.y2mate.com/es751/convert-youtube.html]
[www.y2mate.com/es722/youtube-mp3.html]
[www.y2mate.com/es765/instagram-downloader.html]
[www.y2mate.com/es765/tiktok-downloader.html]
[www.y2mate.com/es765/facebook-downloader.html]
[www.y2mate.com/es765/twitter-downloader.html]
[www.y2mate.com/fr679/convert-youtube.html]
[www.y2mate.com/fr693/youtube-mp3.html]
[www.y2mate.com/fr749/instagram-downloader.html]
[www.y2mate.com/fr749/tiktok-downloader.html]
[www.y2mate.com/fr749/facebook-downloader.html]
[www.y2mate.com/fr749/twitter-downloader.html]
[www.y2mate.com/hi678/convert-youtube.html]
[www.y2mate.com/hi675/youtube-mp3.html]
[www.y2mate.com/hi771/instagram-downloader.html]
[www.y2mate.com/hi771/tiktok-downloader.html]
[www.y2mate.com/hi771/facebook-downloader.html]
[www.y2mate.com/hi771/twitter-downloader.html]
[www.y2mate.com/id742/convert-youtube.html]
[www.y2mate.com/id742/youtube-mp3.html]
[www.y2mate.com/id737/instagram-downloader.html]
[www.y2mate.com/id737/tiktok-downloader.html]
[www.y2mate.com/id737/facebook-downloader.html]
[www.y2mate.com/id737/twitter-downloader.html]
[www.y2mate.com/it676/convert-youtube.html]
[www.y2mate.com/it692/youtube-mp3.html]
[www.y2mate.com/it707/instagram-downloader.html]
[www.y2mate.com/it707/tiktok-downloader.html]
[www.y2mate.com/it707/facebook-downloader.html]
[www.y2mate.com/it707/twitter-downloader.html]
[www.y2mate.com/jp727/convert-youtube.html]
[www.y2mate.com/jp707/youtube-mp3.html]
[www.y2mate.com/jp726/instagram-downloader.html]
[www.y2mate.com/jp726/tiktok-downloader.html]
[www.y2mate.com/jp726/facebook-downloader.html]
[www.y2mate.com/jp726/twitter-downloader.html]
[www.y2mate.com/kr724/convert-youtube.html]
[www.y2mate.com/kr734/youtube-mp3.html]
[www.y2mate.com/kr729/instagram-downloader.html]
[www.y2mate.com/kr729/tiktok-downloader.html]
[www.y2mate.com/kr729/facebook-downloader.html]
[www.y2mate.com/kr729/twitter-downloader.html]
[www.y2mate.com/mm707/instagram-downloader.html]
[www.y2mate.com/mm707/tiktok-downloader.html]
[www.y2mate.com/mm707/facebook-downloader.html]
[www.y2mate.com/mm707/twitter-downloader.html]
[www.y2mate.com/my690/convert-youtube.html]
[www.y2mate.com/my681/youtube-mp3.html]
[www.y2mate.com/my734/instagram-downloader.html]
[www.y2mate.com/my734/tiktok-downloader.html]
[www.y2mate.com/my734/facebook-downloader.html]
[www.y2mate.com/my734/twitter-downloader.html]
[www.y2mate.com/ph684/convert-youtube.html]
[www.y2mate.com/ph672/youtube-mp3.html]
[www.y2mate.com/ph732/instagram-downloader.html]
[www.y2mate.com/ph732/tiktok-downloader.html]
[www.y2mate.com/ph732/facebook-downloader.html]
[www.y2mate.com/ph732/twitter-downloader.html]
[www.y2mate.com/pt732/convert-youtube.html]
[www.y2mate.com/pt739/youtube-mp3.html]
[www.y2mate.com/pt720/instagram-downloader.html]
[www.y2mate.com/pt720/tiktok-downloader.html]
[www.y2mate.com/pt720/facebook-downloader.html]
[www.y2mate.com/pt720/twitter-downloader.html]
[www.y2mate.com/ru678/convert-youtube.html]
[www.y2mate.com/ru695/youtube-mp3.html]
[www.y2mate.com/ru737/instagram-downloader.html]
[www.y2mate.com/ru737/tiktok-downloader.html]
[www.y2mate.com/ru737/facebook-downloader.html]
[www.y2mate.com/ru737/twitter-downloader.html]
[www.y2mate.com/th710/convert-youtube.html]
[www.y2mate.com/th669/youtube-mp3.html]
[www.y2mate.com/th737/instagram-downloader.html]
[www.y2mate.com/th737/tiktok-downloader.html]
[www.y2mate.com/th737/facebook-downloader.html]
[www.y2mate.com/th737/twitter-downloader.html]
[www.y2mate.com/tr1812/youtube-mp3.html]
[www.y2mate.com/tr741/instagram-downloader.html]
[www.y2mate.com/tr741/tiktok-downloader.html]
[www.y2mate.com/tr741/facebook-downloader.html]
[www.y2mate.com/tr741/twitter-downloader.html]
[www.y2mate.com/vi719/download-youtube.html]
[www.y2mate.com/vi713/convert-youtube.html]
[www.y2mate.com/vi738/youtube-mp3.html]
[www.y2mate.com/vi737/instagram-downloader.html]
[www.y2mate.com/vi737/tiktok-downloader.html]
[www.y2mate.com/vi737/facebook-downloader.html]
[www.y2mate.com/vi737/twitter-downloader.html]
[www.y2mate.com/zh-cn679/convert-youtube.html]
[www.y2mate.com/zh-cn692/youtube-mp3.html]
[www.y2mate.com/zh-cn709/instagram-downloader.html]
[www.y2mate.com/zh-cn709/tiktok-downloader.html]
[www.y2mate.com/zh-cn709/facebook-downloader.html]
[www.y2mate.com/zh-cn709/twitter-downloader.html]
[www.y2mate.com/zh-tw701/convert-youtube.html]
[www.y2mate.com/zh-tw658/youtube-mp3.html]
[www.y2mate.com/zh-tw703/instagram-downloader.html]
[www.y2mate.com/zh-tw703/tiktok-downloader.html]
[www.y2mate.com/zh-tw703/facebook-downloader.html]
[www.y2mate.com/zh-tw703/twitter-downloader.html]
[www.y2mate.com/sa685/convert-youtube.html]
[www.y2mate.com/sa690/youtube-mp3.html]
[www.y2mate.com/sa729/instagram-downloader.html]
[www.y2mate.com/sa729/tiktok-downloader.html]
[www.y2mate.com/sa729/facebook-downloader.html]
[www.y2mate.com/sa729/twitter-downloader.html]
[www.y2mate.com/bn678/convert-youtube.html]
[www.y2mate.com/bn670/youtube-mp3.html]
[www.y2mate.com/bn738/instagram-downloader.html]
[www.y2mate.com/bn738/tiktok-downloader.html]
[www.y2mate.com/bn738/facebook-downloader.html]
[www.y2mate.com/bn738/twitter-downloader.html]
[www.y2mate.com/en708/youtube.html]
[www.y2mate.com/th/bootstrap/fonts8c82.html]
[www.y2mate.com/bootstrap/fonts8c82.html]
[www.y2mate.com/de/bootstrap/fonts8c82.html]
[www.y2mate.com/es/bootstrap/fonts8c82.html]
[www.y2mate.com/fr/bootstrap/fonts8c82.html]
[www.y2mate.com/hi/bootstrap/fonts8c82.html]
[www.y2mate.com/id/bootstrap/fonts8c82.html]
[www.y2mate.com/it/bootstrap/fonts8c82.html]
[www.y2mate.com/jp/bootstrap/fonts8c82.html]
[www.y2mate.com/kr/bootstrap/fonts8c82.html]
[www.y2mate.com/mm/bootstrap/fonts8c82.html]
[www.y2mate.com/my/bootstrap/fonts8c82.html]
[www.y2mate.com/ph/bootstrap/fonts8c82.html]
[www.y2mate.com/pt/bootstrap/fonts8c82.html]
[www.y2mate.com/ru/bootstrap/fonts8c82.html]
[www.y2mate.com/tr/bootstrap/fonts8c82.html]
[www.y2mate.com/vi/bootstrap/fonts8c82.html]
[www.y2mate.com/zh-cn/bootstrap/fonts8c82.html]
[www.y2mate.com/zh-tw/bootstrap/fonts8c82.html]
[www.y2mate.com/sa/bootstrap/fonts8c82.html]
[www.y2mate.com/themes/bootstrap/fonts/glyphicons-halflings-regular.html]
[www.y2mate.com/themes/bootstrap/fonts/glyphicons-halflings-regulard41d.html]
[www.y2mate.com/bn/bootstrap/fonts8c82.html]
[www.y2mate.com/themes/bootstrap/fonts/youtube/index.html]
[www.y2mate.com/th/bootstrap/fontsca82.html]
[www.y2mate.com/bootstrap/fontsca82.html]
[www.y2mate.com/de/bootstrap/fontsca82.html]
[www.y2mate.com/es/bootstrap/fontsca82.html]
[www.y2mate.com/fr/bootstrap/fontsca82.html]
[www.y2mate.com/hi/bootstrap/fontsca82.html]
[www.y2mate.com/id/bootstrap/fontsca82.html]
[www.y2mate.com/it/bootstrap/fontsca82.html]
[www.y2mate.com/jp/bootstrap/fontsca82.html]
[www.y2mate.com/kr/bootstrap/fontsca82.html]
[www.y2mate.com/mm/bootstrap/fontsca82.html]
[www.y2mate.com/my/bootstrap/fontsca82.html]
[www.y2mate.com/ph/bootstrap/fontsca82.html]
[www.y2mate.com/pt/bootstrap/fontsca82.html]
[www.y2mate.com/ru/bootstrap/fontsca82.html]
[www.y2mate.com/tr/bootstrap/fontsca82.html]
[www.y2mate.com/vi/bootstrap/fontsca82.html]
[www.y2mate.com/zh-cn/bootstrap/fontsca82.html]
[www.y2mate.com/zh-tw/bootstrap/fontsca82.html]
[www.y2mate.com/sa/bootstrap/fontsca82.html]
[www.y2mate.com/themes/bootstrap/fonts/glyphicons-halflings-regular-2.html]
[www.y2mate.com/bn/bootstrap/fontsca82.html]
[www.y2mate.com/site/termsofservice.html]
[www.y2mate.com/de/site/termsofservice.html]
[www.y2mate.com/es/site/termsofservice.html]
[www.y2mate.com/fr/site/termsofservice.html]
[www.y2mate.com/hi/site/termsofservice.html]
[www.y2mate.com/id/site/termsofservice.html]
[www.y2mate.com/it/site/termsofservice.html]
[www.y2mate.com/jp/site/termsofservice.html]
[www.y2mate.com/kr/site/termsofservice.html]
[www.y2mate.com/mm/site/termsofservice.html]
[www.y2mate.com/my/site/termsofservice.html]
[www.y2mate.com/ph/site/termsofservice.html]
[www.y2mate.com/pt/site/termsofservice.html]
[www.y2mate.com/ru/site/termsofservice.html]
[www.y2mate.com/th/site/termsofservice.html]
[www.y2mate.com/tr/site/termsofservice.html]
[www.y2mate.com/vi/site/termsofservice.html]
[www.y2mate.com/zh-cn/site/termsofservice.html]
[www.y2mate.com/zh-tw/site/termsofservice.html]
[www.y2mate.com/sa/site/termsofservice.html]
[www.y2mate.com/site/termsofservicea8f7.html]
[www.y2mate.com/cdn-cgi/l/email-protection.html]
[www.y2mate.com/bn/site/termsofservice.html]
[www.y2mate.com/es713/youtube.html]
[www.y2mate.com/hi645/youtube.html]
[www.y2mate.com/id698/youtube.html]
[www.y2mate.com/pt702/youtube.html]
[www.y2mate.com/en708/youtube.html]
[www.y2mate.com/th/bootstrap/fonts8c82.html]
[www.y2mate.com/vi698/youtube.html]
[www.y2mate.com/th/bootstrap/youtube/index.html]
[www.y2mate.com/bootstrap/fonts8c82.html]
[www.y2mate.com/de/bootstrap/fonts8c82.html]
[www.y2mate.com/es/bootstrap/fonts8c82.html]
[www.y2mate.com/fr/bootstrap/fonts8c82.html]
[www.y2mate.com/es/bootstrap/youtube/index.html]
[www.y2mate.com/hi/bootstrap/fonts8c82.html]
[www.y2mate.com/de/bootstrap/youtube/index.html]
[www.y2mate.com/id/bootstrap/fonts8c82.html]
[www.y2mate.com/fr/bootstrap/youtube/index.html]
[www.y2mate.com/it/bootstrap/fonts8c82.html]
[www.y2mate.com/hi/bootstrap/youtube/index.html]
[www.y2mate.com/jp/bootstrap/fonts8c82.html]
[www.y2mate.com/id/bootstrap/youtube/index.html]
[www.y2mate.com/kr/bootstrap/fonts8c82.html]
[www.y2mate.com/it/bootstrap/youtube/index.html]
[www.y2mate.com/mm/bootstrap/fonts8c82.html]
[www.y2mate.com/jp/bootstrap/youtube/index.html]
[www.y2mate.com/my/bootstrap/fonts8c82.html]
[www.y2mate.com/kr/bootstrap/youtube/index.html]
[www.y2mate.com/ph/bootstrap/fonts8c82.html]
[www.y2mate.com/mm/bootstrap/youtube/index.html]
[www.y2mate.com/my/bootstrap/youtube/index.html]
[www.y2mate.com/pt/bootstrap/fonts8c82.html]
[www.y2mate.com/ru/bootstrap/fonts8c82.html]
[www.y2mate.com/pt/bootstrap/youtube/index.html]
[www.y2mate.com/ph/bootstrap/youtube/index.html]
[www.y2mate.com/tr/bootstrap/fonts8c82.html]
[www.y2mate.com/vi/bootstrap/fonts8c82.html]
[www.y2mate.com/ru/bootstrap/youtube/index.html]
[www.y2mate.com/zh-cn/bootstrap/fonts8c82.html]
[www.y2mate.com/vi/bootstrap/youtube/index.html]
[www.y2mate.com/zh-tw/bootstrap/fonts8c82.html]
[www.y2mate.com/tr/bootstrap/youtube/index.html]
[www.y2mate.com/sa/bootstrap/fonts8c82.html]
[www.y2mate.com/zh-cn/bootstrap/youtube/index.html]
[www.y2mate.com/bn/bootstrap/fonts8c82.html]
[www.y2mate.com/zh-tw/bootstrap/youtube/index.html]
[www.y2mate.com/sa/bootstrap/youtube/index.html]
[www.y2mate.com/bn/bootstrap/youtube/index.html]
[www.y2mate.com/th/bootstrap/fonts5b02.html]
[www.y2mate.com/bootstrap/fonts5b02.html]
[www.y2mate.com/de/bootstrap/fonts5b02.html]
[www.y2mate.com/es/bootstrap/fonts5b02.html]
[www.y2mate.com/fr/bootstrap/fonts5b02.html]
[www.y2mate.com/hi/bootstrap/fonts5b02.html]
[www.y2mate.com/id/bootstrap/fonts5b02.html]
[www.y2mate.com/it/bootstrap/fonts5b02.html]
[www.y2mate.com/jp/bootstrap/fonts5b02.html]
[www.y2mate.com/kr/bootstrap/fonts5b02.html]
[www.y2mate.com/mm/bootstrap/fonts5b02.html]
[www.y2mate.com/my/bootstrap/fonts5b02.html]
[www.y2mate.com/ph/bootstrap/fonts5b02.html]
[www.y2mate.com/pt/bootstrap/fonts5b02.html]
[www.y2mate.com/ru/bootstrap/fonts5b02.html]
[www.y2mate.com/tr/bootstrap/fonts5b02.html]
[www.y2mate.com/vi/bootstrap/fonts5b02.html]
[www.y2mate.com/zh-cn/bootstrap/fonts5b02.html]
[www.y2mate.com/zh-tw/bootstrap/fonts5b02.html]
[www.y2mate.com/sa/bootstrap/fonts5b02.html]
[www.y2mate.com/themes/bootstrap/fonts/youtube/index.html]
[www.y2mate.com/bn/bootstrap/fonts5b02.html]
[www.y2mate.com/th/bootstrap/fontsca82.html]
[www.y2mate.com/th/bootstrap/glyphicons-halflings-regular.html]
[www.y2mate.com/bootstrap/glyphicons-halflings-regular.html]
[www.y2mate.com/bootstrap/fontsca82.html]
[www.y2mate.com/de/bootstrap/fontsca82.html]
[www.y2mate.com/de/bootstrap/glyphicons-halflings-regular.html]
[www.y2mate.com/es/bootstrap/fontsca82.html]
[www.y2mate.com/es/bootstrap/glyphicons-halflings-regular.html]
[www.y2mate.com/fr/bootstrap/fontsca82.html]
[www.y2mate.com/fr/bootstrap/glyphicons-halflings-regular.html]
[www.y2mate.com/hi/bootstrap/fontsca82.html]
[www.y2mate.com/hi/bootstrap/glyphicons-halflings-regular.html]
[www.y2mate.com/id/bootstrap/fontsca82.html]
[www.y2mate.com/id/bootstrap/glyphicons-halflings-regular.html]
[www.y2mate.com/it/bootstrap/fontsca82.html]
[www.y2mate.com/it/bootstrap/glyphicons-halflings-regular.html]
[www.y2mate.com/jp/bootstrap/fontsca82.html]
[www.y2mate.com/jp/bootstrap/glyphicons-halflings-regular.html]
[www.y2mate.com/kr/bootstrap/fontsca82.html]
[www.y2mate.com/kr/bootstrap/glyphicons-halflings-regular.html]
[www.y2mate.com/mm/bootstrap/fontsca82.html]
[www.y2mate.com/mm/bootstrap/glyphicons-halflings-regular.html]
[www.y2mate.com/my/bootstrap/fontsca82.html]
[www.y2mate.com/my/bootstrap/glyphicons-halflings-regular.html]
[www.y2mate.com/ph/bootstrap/fontsca82.html]
[www.y2mate.com/ph/bootstrap/glyphicons-halflings-regular.html]
[www.y2mate.com/pt/bootstrap/fontsca82.html]
[www.y2mate.com/pt/bootstrap/glyphicons-halflings-regular.html]
[www.y2mate.com/ru/bootstrap/fontsca82.html]
[www.y2mate.com/ru/bootstrap/glyphicons-halflings-regular.html]
[www.y2mate.com/tr/bootstrap/fontsca82.html]
[www.y2mate.com/tr/bootstrap/glyphicons-halflings-regular.html]
[www.y2mate.com/vi/bootstrap/fontsca82.html]
[www.y2mate.com/vi/bootstrap/glyphicons-halflings-regular.html]
[www.y2mate.com/zh-cn/bootstrap/fontsca82.html]
[www.y2mate.com/zh-cn/bootstrap/glyphicons-halflings-regular.html]
[www.y2mate.com/zh-tw/bootstrap/fontsca82.html]
[www.y2mate.com/zh-tw/bootstrap/glyphicons-halflings-regular.html]
[www.y2mate.com/sa/bootstrap/fontsca82.html]
[www.y2mate.com/sa/bootstrap/glyphicons-halflings-regular.html]
[www.y2mate.com/bn/bootstrap/fontsca82.html]
[www.y2mate.com/bn/bootstrap/glyphicons-halflings-regular.html]
[www.y2mate.com/site/termsofservice.html]
[www.y2mate.com/de/site/termsofservice.html]
[www.y2mate.com/es/site/termsofservice.html]
[www.y2mate.com/fr/site/termsofservice.html]
[www.y2mate.com/hi/site/termsofservice.html]
[www.y2mate.com/es/site/youtube/index.html]
[www.y2mate.com/id/site/termsofservice.html]
[www.y2mate.com/de/site/youtube/index.html]
[www.y2mate.com/it/site/termsofservice.html]
[www.y2mate.com/fr/site/youtube/index.html]
[www.y2mate.com/jp/site/termsofservice.html]
[www.y2mate.com/hi/site/youtube/index.html]
[www.y2mate.com/kr/site/termsofservice.html]
[www.y2mate.com/id/site/youtube/index.html]
[www.y2mate.com/mm/site/termsofservice.html]
[www.y2mate.com/it/site/youtube/index.html]
[www.y2mate.com/my/site/termsofservice.html]
[www.y2mate.com/jp/site/youtube/index.html]
[www.y2mate.com/ph/site/termsofservice.html]
[www.y2mate.com/kr/site/youtube/index.html]
[www.y2mate.com/pt/site/termsofservice.html]
[www.y2mate.com/mm/site/youtube/index.html]
[www.y2mate.com/ru/site/termsofservice.html]
[www.y2mate.com/my/site/youtube/index.html]
[www.y2mate.com/th/site/termsofservice.html]
[www.y2mate.com/ph/site/youtube/index.html]
[www.y2mate.com/tr/site/termsofservice.html]
[www.y2mate.com/pt/site/youtube/index.html]
[www.y2mate.com/ru/site/youtube/index.html]
[www.y2mate.com/vi/site/termsofservice.html]
[www.y2mate.com/zh-cn/site/termsofservice.html]
[www.y2mate.com/th/site/youtube/index.html]
[www.y2mate.com/zh-tw/site/termsofservice.html]
[www.y2mate.com/tr/site/youtube/index.html]
[www.y2mate.com/sa/site/termsofservice.html]
[www.y2mate.com/vi/site/youtube/index.html]
[www.y2mate.com/bn/site/termsofservice.html]
[www.y2mate.com/zh-tw/site/youtube/index.html]
[www.y2mate.com/site/youtube/index.html]
[www.y2mate.com/es713/youtube.html]
[www.y2mate.com/hi645/youtube.html]
[www.y2mate.com/id698/youtube.html]
[www.y2mate.com/pt702/youtube.html]
[www.y2mate.com/zh-cn/site/youtube/index.html]
[www.y2mate.com/vi698/youtube.html]
[www.y2mate.com/sa/site/youtube/index.html]
[www.y2mate.com/bn/site/youtube/index.html]
[www.y2mate.com/th/bootstrap/youtube.html]
[www.y2mate.com/de/bootstrap/youtube.html]
[www.y2mate.com/es/bootstrap/youtube.html]
[www.y2mate.com/fr/bootstrap/youtube.html]
[www.y2mate.com/hi/bootstrap/youtube.html]
[www.y2mate.com/id/bootstrap/youtube.html]
[www.y2mate.com/it/bootstrap/youtube.html]
[www.y2mate.com/jp/bootstrap/youtube.html]
[www.y2mate.com/kr/bootstrap/youtube.html]
[www.y2mate.com/mm/bootstrap/youtube.html]
[www.y2mate.com/my/bootstrap/youtube.html]
[www.y2mate.com/ph/bootstrap/youtube.html]
[www.y2mate.com/pt/bootstrap/youtube.html]
[www.y2mate.com/ru/bootstrap/youtube.html]
[www.y2mate.com/tr/bootstrap/youtube.html]
[www.y2mate.com/vi/bootstrap/youtube.html]
[www.y2mate.com/zh-cn/bootstrap/youtube.html]
[www.y2mate.com/zh-tw/bootstrap/youtube.html]
[www.y2mate.com/sa/bootstrap/youtube.html]
[www.y2mate.com/bn/bootstrap/youtube.html]
[www.y2mate.com/th/bootstrap/youtube/index.html]
[www.y2mate.com/bootstrap/youtube/index.html]
[www.y2mate.com/th/bootstrap/youtube/youtube/index.html]
[www.y2mate.com/de/bootstrap/youtube/index.html]
[www.y2mate.com/de/bootstrap/youtube/youtube/index.html]
[www.y2mate.com/es/bootstrap/youtube/index.html]
[www.y2mate.com/es/bootstrap/youtube/youtube/index.html]
[www.y2mate.com/fr/bootstrap/youtube/index.html]
[www.y2mate.com/fr/bootstrap/youtube/youtube/index.html]
[www.y2mate.com/hi/bootstrap/youtube/index.html]
[www.y2mate.com/hi/bootstrap/youtube/youtube/index.html]
[www.y2mate.com/id/bootstrap/youtube/index.html]
[www.y2mate.com/id/bootstrap/youtube/youtube/index.html]
[www.y2mate.com/it/bootstrap/youtube/index.html]
[www.y2mate.com/it/bootstrap/youtube/youtube/index.html]
[www.y2mate.com/jp/bootstrap/youtube/index.html]
[www.y2mate.com/jp/bootstrap/youtube/youtube/index.html]
[www.y2mate.com/kr/bootstrap/youtube/index.html]
[www.y2mate.com/kr/bootstrap/youtube/youtube/index.html]
[www.y2mate.com/mm/bootstrap/youtube/index.html]
[www.y2mate.com/mm/bootstrap/youtube/youtube/index.html]
[www.y2mate.com/my/bootstrap/youtube/index.html]
[www.y2mate.com/my/bootstrap/youtube/youtube/index.html]
[www.y2mate.com/ph/bootstrap/youtube/index.html]
[www.y2mate.com/ph/bootstrap/youtube/youtube/index.html]
[www.y2mate.com/pt/bootstrap/youtube/index.html]
[www.y2mate.com/pt/bootstrap/youtube/youtube/index.html]
[www.y2mate.com/ru/bootstrap/youtube/index.html]
[www.y2mate.com/ru/bootstrap/youtube/youtube/index.html]
[www.y2mate.com/tr/bootstrap/youtube/index.html]
[www.y2mate.com/tr/bootstrap/youtube/youtube/index.html]
[www.y2mate.com/vi/bootstrap/youtube/index.html]
[www.y2mate.com/vi/bootstrap/youtube/youtube/index.html]
[www.y2mate.com/zh-cn/bootstrap/youtube/index.html]
[www.y2mate.com/zh-cn/bootstrap/youtube/youtube/index.html]
[www.y2mate.com/zh-tw/bootstrap/youtube/index.html]
[www.y2mate.com/zh-tw/bootstrap/youtube/youtube/index.html]
[www.y2mate.com/sa/bootstrap/youtube/index.html]
[www.y2mate.com/sa/bootstrap/youtube/youtube/index.html]
[www.y2mate.com/bn/bootstrap/youtube/index.html]
[www.y2mate.com/th/bootstrap/fonts5b02.html]
[www.y2mate.com/bn/bootstrap/youtube/youtube/index.html]
[www.y2mate.com/bootstrap/fonts5b02.html]
[www.y2mate.com/de/bootstrap/fonts5b02.html]
[www.y2mate.com/es/bootstrap/fonts5b02.html]
[www.y2mate.com/fr/bootstrap/fonts5b02.html]
[www.y2mate.com/hi/bootstrap/fonts5b02.html]
[www.y2mate.com/id/bootstrap/fonts5b02.html]
[www.y2mate.com/it/bootstrap/fonts5b02.html]
[www.y2mate.com/jp/bootstrap/fonts5b02.html]
[www.y2mate.com/kr/bootstrap/fonts5b02.html]
[www.y2mate.com/mm/bootstrap/fonts5b02.html]
[www.y2mate.com/my/bootstrap/fonts5b02.html]
[www.y2mate.com/ph/bootstrap/fonts5b02.html]
[www.y2mate.com/pt/bootstrap/fonts5b02.html]
[www.y2mate.com/ru/bootstrap/fonts5b02.html]
[www.y2mate.com/tr/bootstrap/fonts5b02.html]
[www.y2mate.com/vi/bootstrap/fonts5b02.html]
[www.y2mate.com/zh-cn/bootstrap/fonts5b02.html]
[www.y2mate.com/zh-tw/bootstrap/fonts5b02.html]
[www.y2mate.com/sa/bootstrap/fonts5b02.html]
[www.y2mate.com/bn/bootstrap/fonts5b02.html]
[www.y2mate.com/themes/bootstrap/fonts/youtube/youtube/index.html]
[www.y2mate.com/th/bootstrap/glyphicons-halflings-regular.html]
[www.y2mate.com/bootstrap/glyphicons-halflings-regular.html]
[www.y2mate.com/de/bootstrap/glyphicons-halflings-regular.html]
[www.y2mate.com/es/bootstrap/glyphicons-halflings-regular.html]
[www.y2mate.com/fr/bootstrap/glyphicons-halflings-regular.html]
[www.y2mate.com/hi/bootstrap/glyphicons-halflings-regular.html]
[www.y2mate.com/id/bootstrap/glyphicons-halflings-regular.html]
[www.y2mate.com/it/bootstrap/glyphicons-halflings-regular.html]
[www.y2mate.com/jp/bootstrap/glyphicons-halflings-regular.html]
[www.y2mate.com/kr/bootstrap/glyphicons-halflings-regular.html]
[www.y2mate.com/mm/bootstrap/glyphicons-halflings-regular.html]
[www.y2mate.com/my/bootstrap/glyphicons-halflings-regular.html]
[www.y2mate.com/ph/bootstrap/glyphicons-halflings-regular.html]
[www.y2mate.com/pt/bootstrap/glyphicons-halflings-regular.html]
[www.y2mate.com/ru/bootstrap/glyphicons-halflings-regular.html]
[www.y2mate.com/tr/bootstrap/glyphicons-halflings-regular.html]
[www.y2mate.com/vi/bootstrap/glyphicons-halflings-regular.html]
[www.y2mate.com/zh-cn/bootstrap/glyphicons-halflings-regular.html]
[www.y2mate.com/zh-tw/bootstrap/glyphicons-halflings-regular.html]
[www.y2mate.com/sa/bootstrap/glyphicons-halflings-regular.html]
[www.y2mate.com/bn/bootstrap/glyphicons-halflings-regular.html]
[www.y2mate.com/de/site/youtube.html]
[www.y2mate.com/es/site/youtube.html]
[www.y2mate.com/fr/site/youtube.html]
[www.y2mate.com/hi/site/youtube.html]
[www.y2mate.com/id/site/youtube.html]
[www.y2mate.com/it/site/youtube.html]
[www.y2mate.com/jp/site/youtube.html]
[www.y2mate.com/kr/site/youtube.html]
[www.y2mate.com/mm/site/youtube.html]
[www.y2mate.com/my/site/youtube.html]
[www.y2mate.com/ph/site/youtube.html]
[www.y2mate.com/pt/site/youtube.html]
[www.y2mate.com/ru/site/youtube.html]
[www.y2mate.com/th/site/youtube.html]
[www.y2mate.com/tr/site/youtube.html]
[www.y2mate.com/vi/site/youtube.html]
[www.y2mate.com/zh-cn/site/youtube.html]
[www.y2mate.com/zh-tw/site/youtube.html]
[www.y2mate.com/sa/site/youtube.html]
[www.y2mate.com/bn/site/youtube.html]
[www.y2mate.com/de/site/youtube/index.html]
[www.y2mate.com/de/site/youtube/youtube/index.html]
[www.y2mate.com/es/site/youtube/index.html]
[www.y2mate.com/es/site/youtube/youtube/index.html]
[www.y2mate.com/fr/site/youtube/index.html]
[www.y2mate.com/fr/site/youtube/youtube/index.html]
[www.y2mate.com/hi/site/youtube/index.html]
[www.y2mate.com/hi/site/youtube/youtube/index.html]
[www.y2mate.com/id/site/youtube/index.html]
[www.y2mate.com/id/site/youtube/youtube/index.html]
[www.y2mate.com/it/site/youtube/index.html]
[www.y2mate.com/it/site/youtube/youtube/index.html]
[www.y2mate.com/jp/site/youtube/index.html]
[www.y2mate.com/jp/site/youtube/youtube/index.html]
[www.y2mate.com/kr/site/youtube/index.html]
[www.y2mate.com/kr/site/youtube/youtube/index.html]
[www.y2mate.com/mm/site/youtube/index.html]
[www.y2mate.com/mm/site/youtube/youtube/index.html]
[www.y2mate.com/my/site/youtube/index.html]
[www.y2mate.com/my/site/youtube/youtube/index.html]
[www.y2mate.com/ph/site/youtube/index.html]
[www.y2mate.com/ph/site/youtube/youtube/index.html]
[www.y2mate.com/pt/site/youtube/index.html]
[www.y2mate.com/pt/site/youtube/youtube/index.html]
[www.y2mate.com/ru/site/youtube/index.html]
[www.y2mate.com/ru/site/youtube/youtube/index.html]
[www.y2mate.com/th/site/youtube/index.html]
[www.y2mate.com/th/site/youtube/youtube/index.html]
[www.y2mate.com/tr/site/youtube/index.html]
[www.y2mate.com/tr/site/youtube/youtube/index.html]
[www.y2mate.com/vi/site/youtube/index.html]
[www.y2mate.com/vi/site/youtube/youtube/index.html]
[www.y2mate.com/zh-cn/site/youtube/index.html]
[www.y2mate.com/zh-cn/site/youtube/youtube/index.html]
[www.y2mate.com/zh-tw/site/youtube/index.html]
[www.y2mate.com/zh-tw/site/youtube/youtube/index.html]
[www.y2mate.com/sa/site/youtube/index.html]
[www.y2mate.com/sa/site/youtube/youtube/index.html]
[www.y2mate.com/bn/site/youtube/index.html]
[www.y2mate.com/bn/site/youtube/youtube/index.html]
[www.y2mate.com/th/bootstrap/youtube.html]
[www.y2mate.com/de/bootstrap/youtube.html]
[www.y2mate.com/es/bootstrap/youtube.html]
[www.y2mate.com/fr/bootstrap/youtube.html]
[www.y2mate.com/hi/bootstrap/youtube.html]
[www.y2mate.com/id/bootstrap/youtube.html]
[www.y2mate.com/it/bootstrap/youtube.html]
[www.y2mate.com/jp/bootstrap/youtube.html]
[www.y2mate.com/kr/bootstrap/youtube.html]
[www.y2mate.com/mm/bootstrap/youtube.html]
[www.y2mate.com/my/bootstrap/youtube.html]
[www.y2mate.com/ph/bootstrap/youtube.html]
[www.y2mate.com/pt/bootstrap/youtube.html]
[www.y2mate.com/ru/bootstrap/youtube.html]
[www.y2mate.com/tr/bootstrap/youtube.html]
[www.y2mate.com/vi/bootstrap/youtube.html]
[www.y2mate.com/zh-cn/bootstrap/youtube.html]
[www.y2mate.com/zh-tw/bootstrap/youtube.html]
[www.y2mate.com/sa/bootstrap/youtube.html]
[www.y2mate.com/bn/bootstrap/youtube.html]
[www.y2mate.com/th/bootstrap/youtube5b02.html]
[www.y2mate.com/de/bootstrap/youtube5b02.html]
[www.y2mate.com/es/bootstrap/youtube5b02.html]
[www.y2mate.com/fr/bootstrap/youtube5b02.html]
[www.y2mate.com/hi/bootstrap/youtube5b02.html]
[www.y2mate.com/id/bootstrap/youtube5b02.html]
[www.y2mate.com/it/bootstrap/youtube5b02.html]
[www.y2mate.com/jp/bootstrap/youtube5b02.html]
[www.y2mate.com/kr/bootstrap/youtube5b02.html]
[www.y2mate.com/mm/bootstrap/youtube5b02.html]
[www.y2mate.com/my/bootstrap/youtube5b02.html]
[www.y2mate.com/ph/bootstrap/youtube5b02.html]
[www.y2mate.com/pt/bootstrap/youtube5b02.html]
[www.y2mate.com/ru/bootstrap/youtube5b02.html]
[www.y2mate.com/tr/bootstrap/youtube5b02.html]
[www.y2mate.com/vi/bootstrap/youtube5b02.html]
[www.y2mate.com/zh-cn/bootstrap/youtube5b02.html]
[www.y2mate.com/zh-tw/bootstrap/youtube5b02.html]
[www.y2mate.com/sa/bootstrap/youtube5b02.html]
[www.y2mate.com/bn/bootstrap/youtube5b02.html]
[www.y2mate.com/th/bootstrap/youtube/youtube/index.html]
[www.y2mate.com/de/bootstrap/youtube/youtube/index.html]
[www.y2mate.com/es/bootstrap/youtube/youtube/index.html]
[www.y2mate.com/fr/bootstrap/youtube/youtube/index.html]
[www.y2mate.com/hi/bootstrap/youtube/youtube/index.html]
[www.y2mate.com/id/bootstrap/youtube/youtube/index.html]
[www.y2mate.com/it/bootstrap/youtube/youtube/index.html]
[www.y2mate.com/jp/bootstrap/youtube/youtube/index.html]
[www.y2mate.com/kr/bootstrap/youtube/youtube/index.html]
[www.y2mate.com/mm/bootstrap/youtube/youtube/index.html]
[www.y2mate.com/my/bootstrap/youtube/youtube/index.html]
[www.y2mate.com/ph/bootstrap/youtube/youtube/index.html]
[www.y2mate.com/pt/bootstrap/youtube/youtube/index.html]
[www.y2mate.com/ru/bootstrap/youtube/youtube/index.html]
[www.y2mate.com/tr/bootstrap/youtube/youtube/index.html]
[www.y2mate.com/vi/bootstrap/youtube/youtube/index.html]
[www.y2mate.com/zh-cn/bootstrap/youtube/youtube/index.html]
[www.y2mate.com/zh-tw/bootstrap/youtube/youtube/index.html]
[www.y2mate.com/sa/bootstrap/youtube/youtube/index.html]
[www.y2mate.com/bn/bootstrap/youtube/youtube/index.html]
[www.y2mate.com/de/site/youtube.html]
[www.y2mate.com/es/site/youtube.html]
[www.y2mate.com/fr/site/youtube.html]
[www.y2mate.com/hi/site/youtube.html]
[www.y2mate.com/id/site/youtube.html]
[www.y2mate.com/it/site/youtube.html]
[www.y2mate.com/jp/site/youtube.html]
[www.y2mate.com/kr/site/youtube.html]
[www.y2mate.com/mm/site/youtube.html]
[www.y2mate.com/my/site/youtube.html]
[www.y2mate.com/ph/site/youtube.html]
[www.y2mate.com/pt/site/youtube.html]
[www.y2mate.com/ru/site/youtube.html]
[www.y2mate.com/th/site/youtube.html]
[www.y2mate.com/tr/site/youtube.html]
[www.y2mate.com/vi/site/youtube.html]
[www.y2mate.com/zh-cn/site/youtube.html]
[www.y2mate.com/zh-tw/site/youtube.html]
[www.y2mate.com/sa/site/youtube.html]
[www.y2mate.com/bn/site/youtube.html]
[www.y2mate.com/de/site/youtube5b02.html]
[www.y2mate.com/es/site/youtube5b02.html]
[www.y2mate.com/fr/site/youtube5b02.html]
[www.y2mate.com/hi/site/youtube5b02.html]
[www.y2mate.com/id/site/youtube5b02.html]
[www.y2mate.com/it/site/youtube5b02.html]
[www.y2mate.com/jp/site/youtube5b02.html]
[www.y2mate.com/kr/site/youtube5b02.html]
[www.y2mate.com/mm/site/youtube5b02.html]
[www.y2mate.com/my/site/youtube5b02.html]
[www.y2mate.com/ph/site/youtube5b02.html]
[www.y2mate.com/pt/site/youtube5b02.html]
[www.y2mate.com/ru/site/youtube5b02.html]
[www.y2mate.com/th/site/youtube5b02.html]
[www.y2mate.com/tr/site/youtube5b02.html]
[www.y2mate.com/vi/site/youtube5b02.html]
[www.y2mate.com/zh-cn/site/youtube5b02.html]
[www.y2mate.com/zh-tw/site/youtube5b02.html]
[www.y2mate.com/sa/site/youtube5b02.html]
[www.y2mate.com/bn/site/youtube5b02.html]
[www.y2mate.com/de/site/youtube/youtube/index.html]
[www.y2mate.com/es/site/youtube/youtube/index.html]
[www.y2mate.com/fr/site/youtube/youtube/index.html]
[www.y2mate.com/hi/site/youtube/youtube/index.html]
[www.y2mate.com/id/site/youtube/youtube/index.html]
[www.y2mate.com/it/site/youtube/youtube/index.html]
[www.y2mate.com/jp/site/youtube/youtube/index.html]
[www.y2mate.com/kr/site/youtube/youtube/index.html]
[www.y2mate.com/mm/site/youtube/youtube/index.html]
[www.y2mate.com/my/site/youtube/youtube/index.html]
[www.y2mate.com/ph/site/youtube/youtube/index.html]
[www.y2mate.com/pt/site/youtube/youtube/index.html]
[www.y2mate.com/ru/site/youtube/youtube/index.html]
[www.y2mate.com/th/site/youtube/youtube/index.html]
[www.y2mate.com/tr/site/youtube/youtube/index.html]
[www.y2mate.com/vi/site/youtube/youtube/index.html]
[www.y2mate.com/zh-cn/site/youtube/youtube/index.html]
[www.y2mate.com/zh-tw/site/youtube/youtube/index.html]
[www.y2mate.com/sa/site/youtube/youtube/index.html]
[www.y2mate.com/bn/site/youtube/youtube/index.html]
[www.y2mate.com/th/bootstrap/youtube5b02.html]
[www.y2mate.com/de/bootstrap/youtube5b02.html]
[www.y2mate.com/es/bootstrap/youtube5b02.html]
[www.y2mate.com/fr/bootstrap/youtube5b02.html]
[www.y2mate.com/hi/bootstrap/youtube5b02.html]
[www.y2mate.com/id/bootstrap/youtube5b02.html]
[www.y2mate.com/it/bootstrap/youtube5b02.html]
[www.y2mate.com/jp/bootstrap/youtube5b02.html]
[www.y2mate.com/kr/bootstrap/youtube5b02.html]
[www.y2mate.com/mm/bootstrap/youtube5b02.html]
[www.y2mate.com/my/bootstrap/youtube5b02.html]
[www.y2mate.com/ph/bootstrap/youtube5b02.html]
[www.y2mate.com/pt/bootstrap/youtube5b02.html]
[www.y2mate.com/ru/bootstrap/youtube5b02.html]
[www.y2mate.com/tr/bootstrap/youtube5b02.html]
[www.y2mate.com/vi/bootstrap/youtube5b02.html]
[www.y2mate.com/zh-cn/bootstrap/youtube5b02.html]
[www.y2mate.com/zh-tw/bootstrap/youtube5b02.html]
[www.y2mate.com/sa/bootstrap/youtube5b02.html]
[www.y2mate.com/bn/bootstrap/youtube5b02.html]
[www.y2mate.com/th/bootstrap/youtube/youtube/youtube/index.html]
[www.y2mate.com/de/bootstrap/youtube/youtube/youtube/index.html]
[www.y2mate.com/es/bootstrap/youtube/youtube/youtube/index.html]
[www.y2mate.com/fr/bootstrap/youtube/youtube/youtube/index.html]
[www.y2mate.com/hi/bootstrap/youtube/youtube/youtube/index.html]
[www.y2mate.com/id/bootstrap/youtube/youtube/youtube/index.html]
[www.y2mate.com/it/bootstrap/youtube/youtube/youtube/index.html]
[www.y2mate.com/jp/bootstrap/youtube/youtube/youtube/index.html]
[www.y2mate.com/kr/bootstrap/youtube/youtube/youtube/index.html]
[www.y2mate.com/mm/bootstrap/youtube/youtube/youtube/index.html]
[www.y2mate.com/my/bootstrap/youtube/youtube/youtube/index.html]
[www.y2mate.com/ph/bootstrap/youtube/youtube/youtube/index.html]
[www.y2mate.com/pt/bootstrap/youtube/youtube/youtube/index.html]
[www.y2mate.com/ru/bootstrap/youtube/youtube/youtube/index.html]
[www.y2mate.com/tr/bootstrap/youtube/youtube/youtube/index.html]
[www.y2mate.com/vi/bootstrap/youtube/youtube/youtube/index.html]
[www.y2mate.com/zh-cn/bootstrap/youtube/youtube/youtube/index.html]
[www.y2mate.com/zh-tw/bootstrap/youtube/youtube/youtube/index.html]
[www.y2mate.com/sa/bootstrap/youtube/youtube/youtube/index.html]
[www.y2mate.com/bn/bootstrap/youtube/youtube/youtube/index.html]
[www.y2mate.com/de/site/youtube5b02.html]
[www.y2mate.com/es/site/youtube5b02.html]
[www.y2mate.com/fr/site/youtube5b02.html]
[www.y2mate.com/hi/site/youtube5b02.html]
[www.y2mate.com/id/site/youtube5b02.html]
[www.y2mate.com/it/site/youtube5b02.html]
[www.y2mate.com/jp/site/youtube5b02.html]
[www.y2mate.com/kr/site/youtube5b02.html]
[www.y2mate.com/mm/site/youtube5b02.html]
[www.y2mate.com/my/site/youtube5b02.html]
[www.y2mate.com/ph/site/youtube5b02.html]
[www.y2mate.com/pt/site/youtube5b02.html]
[www.y2mate.com/ru/site/youtube5b02.html]
[www.y2mate.com/th/site/youtube5b02.html]
[www.y2mate.com/tr/site/youtube5b02.html]
[www.y2mate.com/vi/site/youtube5b02.html]
[www.y2mate.com/zh-cn/site/youtube5b02.html]
[www.y2mate.com/zh-tw/site/youtube5b02.html]
[www.y2mate.com/sa/site/youtube5b02.html]
[www.y2mate.com/bn/site/youtube5b02.html]
[www.y2mate.com/de/site/youtube/youtube/youtube/index.html]
[www.y2mate.com/es/site/youtube/youtube/youtube/index.html]
[www.y2mate.com/fr/site/youtube/youtube/youtube/index.html]
[www.y2mate.com/hi/site/youtube/youtube/youtube/index.html]
[www.y2mate.com/id/site/youtube/youtube/youtube/index.html]
[www.y2mate.com/it/site/youtube/youtube/youtube/index.html]
[www.y2mate.com/jp/site/youtube/youtube/youtube/index.html]
[www.y2mate.com/kr/site/youtube/youtube/youtube/index.html]
[www.y2mate.com/mm/site/youtube/youtube/youtube/index.html]
[www.y2mate.com/my/site/youtube/youtube/youtube/index.html]
[www.y2mate.com/ph/site/youtube/youtube/youtube/index.html]
[www.y2mate.com/pt/site/youtube/youtube/youtube/index.html]
[www.y2mate.com/ru/site/youtube/youtube/youtube/index.html]
[www.y2mate.com/th/site/youtube/youtube/youtube/index.html]
[www.y2mate.com/tr/site/youtube/youtube/youtube/index.html]
[www.y2mate.com/vi/site/youtube/youtube/youtube/index.html]
[www.y2mate.com/zh-cn/site/youtube/youtube/youtube/index.html]
[www.y2mate.com/zh-tw/site/youtube/youtube/youtube/index.html]
[www.y2mate.com/sa/site/youtube/youtube/youtube/index.html]
[www.y2mate.com/bn/site/youtube/youtube/youtube/index.html]
